// Jest Snapshot v1, https://goo.gl/fbAQLP

exports[`Welcome (Snapshot) Welcome renders hello world 1`] = `
<div>
  This is testing
</div>
`;
